// Jest Snapshot v1, https://goo.gl/fbAQLP

exports[`Date Input match snapshot 1`] = `
<div
  className="input-wrapper date-input  validation-required  form-control"
>
  <div
    className="input-container"
  >
    <input
      autoComplete="off"
      name="myDate"
      onChange={[Function]}
      onClick={[Function]}
      type="date"
      value="01/01/2020"
    />
  </div>
</div>
`;
