// Jest Snapshot v1, https://goo.gl/fbAQLP

exports[`Toggle combinations render 1`] = `
Array [
  <div
    className="toggle tag-ds"
  >
    <div
      className="toggle-container"
    >
      <label
        aria-label="toggle-label"
        className="toggle-pill"
        htmlFor="toggle"
        id="toggle-label"
        onClick={[Function]}
      >
        <input
          checked={false}
          className="toggle-input"
          id="toggle"
          onChange={[Function]}
          type="checkbox"
        />
        <span
          className="toggle-handle"
        />
      </label>
    </div>
  </div>,
  <div
    className="toggle tag-ds"
  >
    <div
      className="toggle-container"
    >
      <label
        aria-label="toggle-label"
        className="toggle-pill_small"
        htmlFor="small-toggle"
        id="small-toggle-label"
        onClick={[Function]}
      >
        <input
          checked={false}
          className="toggle-input"
          id="small-toggle"
          onChange={[Function]}
          type="checkbox"
        />
        <span
          className="toggle-handle"
        />
      </label>
    </div>
  </div>,
  <div
    className="toggle tag-ds"
  >
    <div
      className="toggle-container"
    >
      <label
        aria-label="toggle-label"
        className="toggle-pill_checked"
        htmlFor="toggle-checked"
        id="toggle-checked-label"
        onClick={[Function]}
      >
        <input
          checked={true}
          className="toggle-input"
          id="toggle-checked"
          onChange={[Function]}
          type="checkbox"
        />
        <span
          className="toggle-handle"
        />
      </label>
    </div>
  </div>,
  <div
    className="toggle tag-ds"
  >
    <div
      className="toggle-container"
    >
      <label
        aria-label="toggle-label"
        className="toggle-pill_small_checked"
        htmlFor="small-toggle-checked"
        id="small-toggle-checked-label"
        onClick={[Function]}
      >
        <input
          checked={true}
          className="toggle-input"
          id="small-toggle-checked"
          onChange={[Function]}
          type="checkbox"
        />
        <span
          className="toggle-handle"
        />
      </label>
    </div>
  </div>,
  <div
    className="toggle tag-ds"
  >
    <div
      className="toggle-container"
    >
      <label
        aria-label="toggle-label"
        className="toggle-pill_disabled"
        htmlFor="toggle-disabled"
        id="toggle-disabled-label"
        onClick={[Function]}
      >
        <input
          checked={false}
          className="toggle-input"
          disabled={true}
          id="toggle-disabled"
          onChange={[Function]}
          type="checkbox"
        />
        <span
          className="toggle-handle"
        />
      </label>
    </div>
  </div>,
  <div
    className="toggle tag-ds"
  >
    <div
      className="toggle-container"
    >
      <label
        aria-label="toggle-label"
        className="toggle-pill_small_disabled"
        htmlFor="small-toggle-disabled"
        id="small-toggle-disabled-label"
        onClick={[Function]}
      >
        <input
          checked={false}
          className="toggle-input"
          disabled={true}
          id="small-toggle-disabled"
          onChange={[Function]}
          type="checkbox"
        />
        <span
          className="toggle-handle"
        />
      </label>
    </div>
  </div>,
  <div
    className="toggle tag-ds"
  >
    <div
      className="toggle-container"
    >
      <label
        aria-label="toggle-label"
        className="toggle-pill_disabled"
        htmlFor="toggle-readOnly"
        id="toggle-readOnly-label"
        onClick={[Function]}
      >
        <input
          checked={false}
          className="toggle-input"
          id="toggle-readOnly"
          onChange={[Function]}
          readOnly={true}
          type="checkbox"
        />
        <span
          className="toggle-handle"
        />
      </label>
    </div>
  </div>,
  <div
    className="toggle tag-ds"
  >
    <div
      className="toggle-container"
    >
      <label
        aria-label="toggle-label"
        className="toggle-pill_small_disabled"
        htmlFor="small-toggle-readOnly"
        id="small-toggle-readOnly-label"
        onClick={[Function]}
      >
        <input
          checked={false}
          className="toggle-input"
          id="small-toggle-readOnly"
          onChange={[Function]}
          readOnly={true}
          type="checkbox"
        />
        <span
          className="toggle-handle"
        />
      </label>
    </div>
  </div>,
  <div
    className="toggle tag-ds"
  >
    <div
      className="toggle-container"
    >
      <label
        aria-label="toggle-label"
        className="toggle-pill_checked_disabled"
        htmlFor="toggle-checked-disabled"
        id="toggle-checked-disabled-label"
        onClick={[Function]}
      >
        <input
          checked={true}
          className="toggle-input"
          disabled={true}
          id="toggle-checked-disabled"
          onChange={[Function]}
          type="checkbox"
        />
        <span
          className="toggle-handle"
        />
      </label>
    </div>
  </div>,
  <div
    className="toggle tag-ds"
  >
    <div
      className="toggle-container"
    >
      <label
        aria-label="toggle-label"
        className="toggle-pill_small_checked_disabled"
        htmlFor="small-toggle-checked-disabled"
        id="small-toggle-checked-disabled-label"
        onClick={[Function]}
      >
        <input
          checked={true}
          className="toggle-input"
          disabled={true}
          id="small-toggle-checked-disabled"
          onChange={[Function]}
          type="checkbox"
        />
        <span
          className="toggle-handle"
        />
      </label>
    </div>
  </div>,
  <div
    className="toggle tag-ds"
  >
    <p
      className="toggle-label"
    >
      I am label for #toggle-label
    </p>
    <div
      className="toggle-container"
    >
      <label
        aria-label="toggle-label"
        className="toggle-pill"
        htmlFor="toggle-label"
        id="toggle-label-label"
        onClick={[Function]}
      >
        <input
          checked={false}
          className="toggle-input"
          id="toggle-label"
          onChange={[Function]}
          type="checkbox"
        />
        <span
          className="toggle-handle"
        />
      </label>
    </div>
  </div>,
  <div
    className="toggle tag-ds"
  >
    <div
      className="toggle-container"
    >
      <label
        aria-label="toggle-label"
        className="toggle-pill_small"
        htmlFor="small-toggle-label"
        id="small-toggle-label-label"
        onClick={[Function]}
      >
        <input
          checked={false}
          className="toggle-input"
          id="small-toggle-label"
          onChange={[Function]}
          type="checkbox"
        />
        <span
          className="toggle-handle"
        />
      </label>
    </div>
  </div>,
  <div
    className="toggle tag-ds"
  >
    <div
      className="toggle-container"
    >
      <label
        aria-label="toggle-label"
        className="toggle-pill"
        htmlFor="toggle-helper-text"
        id="toggle-helper-text-label"
        onClick={[Function]}
      >
        <input
          checked={false}
          className="toggle-input"
          id="toggle-helper-text"
          onChange={[Function]}
          type="checkbox"
        />
        <span
          className="toggle-handle"
        />
      </label>
      <span
        className="toggle-text-helper"
      >
        off
      </span>
    </div>
  </div>,
  <div
    className="toggle tag-ds"
  >
    <div
      className="toggle-container"
    >
      <label
        aria-label="toggle-label"
        className="toggle-pill_small"
        htmlFor="small-toggle-helper-text"
        id="small-toggle-helper-text-label"
        onClick={[Function]}
      >
        <input
          checked={false}
          className="toggle-input"
          id="small-toggle-helper-text"
          onChange={[Function]}
          type="checkbox"
        />
        <span
          className="toggle-handle"
        />
      </label>
      <span
        className="toggle-text-helper_small"
      >
        off
      </span>
    </div>
  </div>,
]
`;
